Script started on Thu Dec 17 11:53:34 2015
[?1034hbash-3.2$ javac Matrix.java
bash-3.2$ java Matrix.java[K[K[K[K[K
[[4, 3, 2, 1], [8, 7, 6, 5], [12, 11, 10, 9], [16, 15, 14, 13]]
16 12 8 4 15 11 7 3 14 10 6 2 13 9 5 1 
bash-3.2$ J[Kjavac RemoveDuplicatesTest.java
bash-3.2$ java RemoveDuplicatesTest.[K
Original list a :[1, 9, 9, 6, 1, 9]
Remove Duplicate a :[1, 6, 9]
Original list b :[]
Remove Duplicate b :[]
bash-3.2$ javc [K[Kac BinarySearchTest.java
bash-3.2$ java BinarySearchTest.[K
[14, 24, 25, 38, 38, 38, 43, 47, 47, 53, 54, 56, 73, 82, 89]

Please enter an integer value (-1 to quit): 56
56 was found in position 11

Please enter an integer value (-1 to quit): 18
18 was not found

Please enter an integer value (-1 to quit): -1
bash-3.2$ exit
exit

Script done on Thu Dec 17 11:54:38 2015
